
--- stderr ---
   Compiling unicode-ident v1.0.24
    Checking windows-link v0.2.1
    Checking cfg-if v1.0.4
    Checking smallvec v1.15.2
    Checking bitflags v2.13.1
    Checking log v0.4.33
    Checking foldhash v0.2.0
    Checking typenum v1.20.1
    Checking once_cell v1.21.4
    Checking libm v0.2.16
    Checking stable_deref_trait v1.2.1
    Checking arrayvec v0.7.8
    Checking equivalent v1.0.2
    Checking pin-project-lite v0.2.17
    Checking libc v0.2.189
    Checking windows_x86_64_msvc v0.52.6
    Checking windows-sys v0.61.2
   Compiling getrandom v0.4.3
    Checking windows-strings v0.5.1
   Compiling proc-macro2 v1.0.107
    Checking windows-result v0.4.1
    Checking allocator-api2 v0.2.21
    Checking windows-targets v0.52.6
    Checking hashbrown v0.17.1
    Checking windows-threading v0.2.1
    Checking memchr v2.8.3
    Checking litemap v0.8.2
    Checking writeable v0.6.3
   Compiling jobserver v0.1.35
    Checking raw-window-handle v0.6.2
    Checking bytes v1.12.1
    Checking utf8_iter v1.0.4
    Checking scopeguard v1.2.0
    Checking itoa v1.0.18
    Checking parking_lot_core v0.9.12
    Checking lock_api v0.4.14
    Checking percent-encoding v2.3.2
    Checking simd-adler32 v0.3.10
    Checking futures-core v0.3.33
    Checking icu_properties_data v2.2.0
   Compiling cc v1.4.2
    Checking hashbrown v0.16.1
    Checking icu_normalizer_data v2.2.0
    Checking polycool v0.4.0
    Checking tracing-core v0.1.36
    Checking libloading v0.8.9
    Checking unicode-width v0.2.2
   Compiling quote v1.0.47
    Checking profiling v1.0.18
    Checking parking_lot v0.12.5
    Checking bit-vec v0.9.1
    Checking crc32fast v1.5.0
    Checking kurbo v0.13.1
    Checking spirv v0.4.0+sdk-1.4.341.0
    Checking codespan-reporting v0.13.1
   Compiling syn v2.0.119
   Compiling syn v3.0.3
    Checking indexmap v2.14.0
    Checking http v1.5.0
    Checking bit-set v0.9.1
    Checking tracing v0.1.44
    Checking linebender_resource_handle v0.1.1
    Checking subtle v2.6.1
    Checking futures-sink v0.3.33
    Checking generic-array v0.14.7
    Checking adler2 v2.0.1
    Checking num-traits v0.2.19
    Checking foldhash v0.1.5
    Checking uuid v1.24.0
    Checking rustc-hash v1.1.0
    Checking hexf-parse v0.2.1
    Checking miniz_oxide v0.8.9
    Checking ash v0.38.0+1.3.281
    Checking form_urlencoded v1.2.2
    Checking hashbrown v0.15.5
    Checking gpu-descriptor-types v0.2.0
    Checking fearless_simd v0.4.1
    Checking accesskit v0.24.1
    Checking presser v0.3.1
    Checking unicode-segmentation v1.13.3
    Checking flate2 v1.1.9
    Checking glutin_wgl_sys v0.6.1
    Checking http-body v1.1.0
    Checking khronos-egl v6.0.0
    Checking futures-task v0.3.33
    Checking crypto-common v0.1.7
    Checking block-buffer v0.10.4
    Checking cpufeatures v0.2.17
    Checking euclid v0.22.14
    Checking gpu-descriptor v0.3.2
    Checking ordered-float v5.3.0
    Checking futures-io v0.3.33
    Checking static_assertions v1.1.0
    Checking digest v0.10.7
    Checking slab v0.4.12
    Checking range-alloc v0.1.5
    Checking renderdoc-sys v1.1.0
    Checking glow v0.17.0
    Checking unicode-general-category v1.1.0
    Checking httparse v1.10.1
    Checking windows_x86_64_msvc v0.53.1
    Checking futures-util v0.3.33
    Checking hybrid-array v0.4.14
    Checking fdeflate v0.3.7
    Checking windows-sys v0.52.0
    Checking getrandom v0.2.17
    Checking either v1.17.0
    Checking self_cell v1.3.0
    Checking smol_str v0.2.2
    Checking dpi v0.1.2
    Checking epaint_default_fonts v0.35.0
    Checking const-oid v0.9.6
    Checking tower-service v0.3.3
    Checking guillotiere v0.7.0
    Checking nohash-hasher v0.2.0
    Checking cursor-icon v1.2.0
    Checking pxfm v0.1.30
    Checking base64 v0.22.1
    Checking try-lock v0.2.5
    Checking rand_core v0.10.1
    Checking png v0.18.1
    Checking itertools v0.14.0
   Compiling zstd-sys v2.0.16+zstd.1.5.7
    Checking want v0.3.1
   Compiling bzip2-sys v0.1.13+1.0.8
   Compiling lzma-sys v0.1.20
    Checking windows-targets v0.53.5
    Checking serde_core v1.0.229
    Checking accesskit_consumer v0.35.0
    Checking futures-channel v0.3.33
    Checking deranged v0.5.8
    Checking num-conv v0.2.2
    Checking time-core v0.1.9
    Checking byteorder-lite v0.1.0
    Checking atomic-waker v1.1.2
    Checking error-code v3.3.2
    Checking cpufeatures v0.3.0
    Checking powerfmt v0.2.0
    Checking clipboard-win v5.4.1
    Checking windows-sys v0.60.2
    Checking crypto-common v0.2.2
    Checking block-buffer v0.12.1
   Compiling bytemuck_derive v1.12.0
   Compiling thiserror-impl v2.0.20
   Compiling displaydoc v0.2.7
    Checking time v0.3.55
   Compiling serde_derive v1.0.229
   Compiling synstructure v0.13.2
    Checking moxcms v0.8.1
   Compiling ring v0.17.14
    Checking inout v0.1.4
    Checking sync_wrapper v1.0.2
    Checking bytemuck v1.25.2
    Checking windows-result v0.1.2
    Checking crc-catalog v2.5.0
    Checking rustc-hash v2.1.3
    Checking ipnet v2.12.1
    Checking web-time v1.1.0
    Checking font-types v0.11.3
    Checking color v0.3.3
    Checking wgpu-types v29.0.4
    Checking emath v0.35.0
    Checking winit v0.30.13
    Checking tower-layer v0.3.3
    Checking const-oid v0.10.2
    Checking thiserror v2.0.20
    Checking type-map v0.5.1
    Checking digest v0.11.3
    Checking read-fonts v0.39.2
    Checking crc v3.4.0
    Checking ecolor v0.35.0
    Checking cipher v0.4.4
    Checking peniko v0.6.1
    Checking zmij v1.0.23
    Checking winapi v0.3.9
    Checking chacha20 v0.10.1
    Checking vello_common v0.0.9
    Checking rand_core v0.6.4
    Checking hmac v0.12.1
    Checking http-body-util v0.1.4
    Checking aho-corasick v1.1.5
    Checking windows-sys v0.59.0
    Checking bumpalo v3.20.3
   Compiling zerofrom-derive v0.1.7
   Compiling yoke-derive v0.8.2
   Compiling zerocopy-derive v0.8.56
   Compiling zerovec-derive v0.11.3
   Compiling windows-implement v0.60.2
   Compiling windows-interface v0.59.3
   Compiling zeroize_derive v1.5.0
    Checking mio v1.2.2
    Checking socket2 v0.6.5
    Checking schannel v0.1.29
    Checking tokio v1.53.1
    Checking vello_cpu v0.0.9
    Checking zeroize v1.9.0
    Checking image v0.25.10
    Checking native-tls v0.2.18
    Checking windows-core v0.62.2
    Checking der v0.7.10
   Compiling windows-interface v0.57.0
   Compiling windows-implement v0.57.0
    Checking zerofrom v0.1.8
    Checking rustls-pki-types v1.15.1
    Checking yoke v0.8.3
    Checking windows-numerics v0.3.1
    Checking windows-collections v0.3.2
    Checking zerovec v0.11.6
    Checking zerotrie v0.2.4
    Checking windows-future v0.3.2
    Checking serde v1.0.229
   Compiling curve25519-dalek-derive v0.1.1
    Checking zerocopy v0.8.56
    Checking untrusted v0.9.0
    Checking spki v0.7.3
    Checking tinystr v0.8.3
    Checking potential_utf v0.1.5
    Checking windows-core v0.57.0
    Checking ryu v1.0.23
    Checking windows v0.62.2
    Checking pkcs8 v0.10.2
    Checking icu_locale_core v2.2.0
    Checking icu_collections v2.2.0
    Checking byteorder v1.5.0
    Checking regex-syntax v0.8.11
    Checking signature v2.2.0
    Checking arboard v3.6.1
    Checking ed25519 v2.2.3
    Checking lzma-rs v0.3.0
    Checking curve25519-dalek v4.1.3
    Checking serde_urlencoded v0.7.1
    Checking ntapi v0.4.3
    Checking windows v0.57.0
    Checking zopfli v0.8.3
    Checking bzip2 v0.5.2
    Checking icu_provider v2.2.0
    Checking pbkdf2 v0.12.2
    Checking serde_json v1.0.151
    Checking icu_normalizer v2.2.0
    Checking icu_properties v2.2.0
    Checking rand v0.10.2
    Checking aes v0.8.4
    Checking hyper v1.11.0
    Checking harfrust v0.7.0
    Checking skrifa v0.42.1
    Checking tokio-native-tls v0.3.1
    Checking tower v0.5.3
    Checking sha1 v0.11.0
    Checking regex-automata v0.4.18
    Checking getrandom v0.3.4
    Checking yasna v0.6.0
    Checking pem v3.0.6
    Checking sha2 v0.10.9
    Checking sha1 v0.10.7
    Checking data-encoding v2.11.1
    Checking idna_adapter v1.2.2
    Checking fastrand v2.5.0
    Checking deflate64 v0.1.12
    Checking idna v1.1.0
    Checking constant_time_eq v0.3.1
    Checking hyper-util v0.1.20
    Checking pollster v0.4.0
    Checking rcgen v0.14.8
    Checking tungstenite v0.30.0
    Checking ed25519-dalek v2.2.0
    Checking tempfile v3.27.0
    Checking rfd v0.15.4
    Checking url v2.5.8
    Checking winreg v0.55.0
    Checking anyhow v1.0.104
    Checking if-addrs v0.15.0
    Checking chrono v0.4.45
    Checking webbrowser v1.2.4
    Checking tower-http v0.6.11
    Checking hyper-tls v0.6.0
    Checking half v2.7.1
    Checking ahash v0.8.12
    Checking ppv-lite86 v0.2.21
    Checking regex v1.13.1
   Compiling zstd-safe v7.2.4
    Checking reqwest v0.12.28
    Checking naga v29.0.4
    Checking epaint v0.35.0
    Checking zstd v0.13.3
    Checking rand_chacha v0.3.1
    Checking rand v0.8.7
    Checking egui v0.35.0
    Checking xz2 v0.1.7
    Checking zip v2.4.2
    Checking wgpu-naga-bridge v29.0.4
    Checking sysinfo v0.34.2
    Checking gpu-allocator v0.28.0
    Checking accesskit_windows v0.32.1
    Checking wgpu-hal v29.0.4
    Checking accesskit_winit v0.32.2
    Checking egui-winit v0.35.0
    Checking wgpu-core-deps-windows-linux-android v29.0.4
    Checking wgpu-core v29.0.4
    Checking wgpu v29.0.4
    Checking egui-wgpu v0.35.0
    Checking eframe v0.35.0
    Checking rebound_toolbox v0.9.12 (C:\wksp\ProjectReboundToolbox)
    Finished `dev` profile [unoptimized + debuginfo] target(s) in 2m 39s
