tampered_stage 1  [2026-09-07 23:18:36] UPDATE_FAILED: staged update no longer matches its signed size/hash

launch_failure_rollback 1  [2026-09-07 23:18:37] UPDATE_FAILED: 由于出现以下错误，无法运行此命令: 指定的可执行文件不是此操作系统平台的有效应用程序。。
[2026-09-07 23:18:37] UPDATE_ROLLED_BACK: previous complete strict binary restored
[2026-09-07 23:18:37] UPDATE_RECOVERY_REQUIRED: previous complete binary restored but restart failed

journal_scope_reject 1  [2026-09-07 23:18:37] UPDATE_FAILED: updater journal or lock path is not scoped to the target directory

parent_identity_mismatch 1  [2026-09-07 23:18:38] UPDATE_FAILED: parent process identity changed before updater termination

parent_already_exited 1  [2026-09-07 23:18:39] UPDATE_FAILED: 由于出现以下错误，无法运行此命令: 指定的可执行文件不是此操作系统平台的有效应用程序。。
[2026-09-07 23:18:39] UPDATE_ROLLED_BACK: previous complete strict binary restored
[2026-09-07 23:18:39] UPDATE_RECOVERY_REQUIRED: previous complete binary restored but restart failed

journal_old_metadata_recovery 1  [2026-09-07 23:18:40] UPDATE_FAILED: 由于出现以下错误，无法运行此命令: 指定的可执行文件不是此操作系统平台的有效应用程序。。
[2026-09-07 23:18:40] UPDATE_ROLLED_BACK: previous complete strict binary restored
[2026-09-07 23:18:40] UPDATE_RECOVERY_REQUIRED: previous complete binary restored but restart failed

journal_artifact_id_mismatch 1  [2026-09-07 23:18:41] UPDATE_FAILED: update journal artifacts do not belong to its update id

{
  "command": "python Tools/Release/test_updater_transactions.py --toolbox-repo <repo>",
  "results": [
    {
      "case": "tampered_stage",
      "status": "PASS",
      "updater_exit_code": 1,
      "target_old_complete": true,
      "test_scope": "actual PowerShell file transaction with synthetic nonexecutable bytes; no production application or signatures"
    },
    {
      "case": "launch_failure_rollback",
      "status": "PASS",
      "updater_exit_code": 1,
      "target_old_complete": true,
      "test_scope": "actual PowerShell file transaction with synthetic nonexecutable bytes; no production application or signatures"
    },
    {
      "case": "journal_scope_reject",
      "status": "PASS",
      "updater_exit_code": 1,
      "target_old_complete": true,
      "test_scope": "actual PowerShell file transaction with synthetic nonexecutable bytes; no production application or signatures"
    },
    {
      "case": "parent_identity_mismatch",
      "status": "PASS",
      "updater_exit_code": 1,
      "target_old_complete": true,
      "test_scope": "actual PowerShell file transaction with synthetic nonexecutable bytes; no production application or signatures"
    },
    {
      "case": "parent_already_exited",
      "status": "PASS",
      "updater_exit_code": 1,
      "target_old_complete": true,
      "test_scope": "actual PowerShell file transaction with synthetic nonexecutable bytes; no production application or signatures"
    },
    {
      "case": "journal_old_metadata_recovery",
      "status": "PASS",
      "updater_exit_code": 1,
      "target_old_complete": true,
      "test_scope": "actual PowerShell file transaction with synthetic nonexecutable bytes; no production application or signatures"
    },
    {
      "case": "journal_artifact_id_mismatch",
      "status": "PASS",
      "updater_exit_code": 1,
      "target_old_complete": true,
      "test_scope": "actual PowerShell file transaction with synthetic nonexecutable bytes; no production application or signatures"
    },
    {
      "case": "lock_contention_preserves_shared_files",
      "status": "PASS",
      "updater_exit_code": 1,
      "target_old_complete": true,
      "test_scope": "actual PowerShell lock holder plus fixed journal-next/swap sentinels; losing updater cannot delete shared files or kill the parent"
    }
  ]
}

--- stderr ---
