Interrupted update recovered and rollback preserved the old target with no orphan pending file.
{
  "fixture_directory": "C:\\wksp\\ProjectRebound\\.tmp\\e2e-20\\e2e20-updater-interruption-k_uypwee",
  "interruption_exit_code": 1,
  "marker_observed": true,
  "target_old_after_interrupt": true,
  "pending_after_interrupt": [
    ".rebound-toolbox-pending-669bdc4ecb6a4fb78314ab558eca490c.exe"
  ],
  "recovery_exit_code": 1,
  "target_old_after_recovery": true,
  "rollback_observed": true,
  "pending_after_recovery": []
}
--- recovery stdout ---

--- recovery stderr ---

--- recovery log ---
[2026-09-07 23:19:08] UPDATE_FAILED: 由于出现以下错误，无法运行此命令: 指定的可执行文件不是此操作系统平台的有效应用程序。。
[2026-09-07 23:19:08] UPDATE_ROLLED_BACK: previous complete strict binary restored
[2026-09-07 23:19:08] UPDATE_RECOVERY_REQUIRED: previous complete binary restored but restart failed
