=== RUN   TestMatchAttemptForceAbortRequiresPermissionAndStepUp
--- PASS: TestMatchAttemptForceAbortRequiresPermissionAndStepUp (0.00s)
=== RUN   TestMatchAttemptForceAbortRejectsMissingAuthPermissionAndStepUp
=== RUN   TestMatchAttemptForceAbortRejectsMissingAuthPermissionAndStepUp/missing_principal
=== RUN   TestMatchAttemptForceAbortRejectsMissingAuthPermissionAndStepUp/missing_permission
=== RUN   TestMatchAttemptForceAbortRejectsMissingAuthPermissionAndStepUp/missing_step_up
=== RUN   TestMatchAttemptForceAbortRejectsMissingAuthPermissionAndStepUp/invalid_step_up
--- PASS: TestMatchAttemptForceAbortRejectsMissingAuthPermissionAndStepUp (0.00s)
    --- PASS: TestMatchAttemptForceAbortRejectsMissingAuthPermissionAndStepUp/missing_principal (0.00s)
    --- PASS: TestMatchAttemptForceAbortRejectsMissingAuthPermissionAndStepUp/missing_permission (0.00s)
    --- PASS: TestMatchAttemptForceAbortRejectsMissingAuthPermissionAndStepUp/missing_step_up (0.00s)
    --- PASS: TestMatchAttemptForceAbortRejectsMissingAuthPermissionAndStepUp/invalid_step_up (0.00s)
=== RUN   TestMatchAttemptForceAbortPreservesServiceHTTPStatus
=== RUN   TestMatchAttemptForceAbortPreservesServiceHTTPStatus/missing_attempt
=== RUN   TestMatchAttemptForceAbortPreservesServiceHTTPStatus/wrong_state
=== RUN   TestMatchAttemptForceAbortPreservesServiceHTTPStatus/missing_reason
--- PASS: TestMatchAttemptForceAbortPreservesServiceHTTPStatus (0.00s)
    --- PASS: TestMatchAttemptForceAbortPreservesServiceHTTPStatus/missing_attempt (0.00s)
    --- PASS: TestMatchAttemptForceAbortPreservesServiceHTTPStatus/wrong_state (0.00s)
    --- PASS: TestMatchAttemptForceAbortPreservesServiceHTTPStatus/missing_reason (0.00s)
PASS
ok  	github.com/Dubnium-105/ProjectRebound/Backend/internal/admin	0.018s
=== RUN   TestValidateControlPlaneRejectsMissingAdmissionKeyInEveryEnvironment
=== RUN   TestValidateControlPlaneRejectsMissingAdmissionKeyInEveryEnvironment/development
=== RUN   TestValidateControlPlaneRejectsMissingAdmissionKeyInEveryEnvironment/test
=== RUN   TestValidateControlPlaneRejectsMissingAdmissionKeyInEveryEnvironment/production
--- PASS: TestValidateControlPlaneRejectsMissingAdmissionKeyInEveryEnvironment (0.00s)
    --- PASS: TestValidateControlPlaneRejectsMissingAdmissionKeyInEveryEnvironment/development (0.00s)
    --- PASS: TestValidateControlPlaneRejectsMissingAdmissionKeyInEveryEnvironment/test (0.00s)
    --- PASS: TestValidateControlPlaneRejectsMissingAdmissionKeyInEveryEnvironment/production (0.00s)
=== RUN   TestLoadRejectsRetiredStrictRosterConfiguration
--- PASS: TestLoadRejectsRetiredStrictRosterConfiguration (0.00s)
=== RUN   TestAcceptNewLobbiesOnlyControlsCreation
--- PASS: TestAcceptNewLobbiesOnlyControlsCreation (0.00s)
PASS
ok  	github.com/Dubnium-105/ProjectRebound/Backend/internal/config	0.013s
=== RUN   TestAdmissionSignerBindsFrozenRosterAndJoinSeat
--- PASS: TestAdmissionSignerBindsFrozenRosterAndJoinSeat (0.00s)
=== RUN   TestAdmissionSignerRejectsMissingConfiguredKey
--- PASS: TestAdmissionSignerRejectsMissingConfiguredKey (0.00s)
=== RUN   TestAdmissionSignerUsesSeparateTokenTypes
--- PASS: TestAdmissionSignerUsesSeparateTokenTypes (0.00s)
PASS
ok  	github.com/Dubnium-105/ProjectRebound/Backend/internal/matchlobby	0.014s
=== RUN   TestMigratorAgainstPostgreSQL
    migrator_integration_test.go:16: TEST_DATABASE_URL is not set
--- SKIP: TestMigratorAgainstPostgreSQL (0.00s)
PASS
ok  	github.com/Dubnium-105/ProjectRebound/Backend/internal/database	0.008s
testing: warning: no tests to run
PASS
ok  	github.com/Dubnium-105/ProjectRebound/Backend/internal/metaserver	0.018s [no tests to run]
?   	github.com/Dubnium-105/ProjectRebound/Backend/internal/controlplane	[no test files]
?   	github.com/Dubnium-105/ProjectRebound/Backend/cmd/adminctl	[no test files]
