=== RUN   TestStrictRosterDedicatedLifecycleAgainstPostgreSQL
--- PASS: TestStrictRosterDedicatedLifecycleAgainstPostgreSQL (0.48s)
=== RUN   TestJoinGrantHTTPReturnsSignedScopeAlongsideGrant
--- PASS: TestJoinGrantHTTPReturnsSignedScopeAlongsideGrant (0.00s)
=== RUN   TestMemberConnectionHTTPReturnsNoStoreValidatedEvidence
--- PASS: TestMemberConnectionHTTPReturnsNoStoreValidatedEvidence (0.00s)
=== RUN   TestMemberConnectionHTTPDoesNotExposeMissingEvidence
--- PASS: TestMemberConnectionHTTPDoesNotExposeMissingEvidence (0.00s)
=== RUN   TestDedicatedNativeClearedRejectsUnscopedOwnedProcessEvidence
--- PASS: TestDedicatedNativeClearedRejectsUnscopedOwnedProcessEvidence (0.00s)
=== RUN   TestStrictRosterP2PHostOwnedProcessExitCleanupAgainstPostgreSQL
--- PASS: TestStrictRosterP2PHostOwnedProcessExitCleanupAgainstPostgreSQL (0.31s)
=== RUN   TestStrictRosterAdminForceAbortIsAuditedAndDrainKeepsReadsAgainstPostgreSQL
--- PASS: TestStrictRosterAdminForceAbortIsAuditedAndDrainKeepsReadsAgainstPostgreSQL (0.19s)
=== RUN   TestStrictRosterP2PPreflightNativeProcessNotStartedCleanupAgainstPostgreSQL
--- PASS: TestStrictRosterP2PPreflightNativeProcessNotStartedCleanupAgainstPostgreSQL (0.18s)
=== RUN   TestStrictRosterP2PPreflightNotStartedRejectsInstalledPayloadAgainstPostgreSQL
--- PASS: TestStrictRosterP2PPreflightNotStartedRejectsInstalledPayloadAgainstPostgreSQL (0.19s)
=== RUN   TestStrictRosterP2PLifecycleAgainstPostgreSQL
    service_integration_test.go:799: native HOST disconnect after route refresh: Internal server error.: ERROR: COALESCE types timestamp with time zone and interval cannot be matched (SQLSTATE 42804)
--- FAIL: TestStrictRosterP2PLifecycleAgainstPostgreSQL (0.35s)
=== RUN   TestCreateValidationLocksHostingKindAndTwoTeamCapacity
--- PASS: TestCreateValidationLocksHostingKindAndTwoTeamCapacity (0.00s)
=== RUN   TestOpenRevisionFailsClosedAfterFreezeOrConflict
--- PASS: TestOpenRevisionFailsClosedAfterFreezeOrConflict (0.00s)
=== RUN   TestAdmissionSignerBindsFrozenRosterAndJoinSeat
--- PASS: TestAdmissionSignerBindsFrozenRosterAndJoinSeat (0.00s)
=== RUN   TestAdmissionSignerRejectsMissingConfiguredKey
--- PASS: TestAdmissionSignerRejectsMissingConfiguredKey (0.00s)
=== RUN   TestAdmissionSignerUsesSeparateTokenTypes
--- PASS: TestAdmissionSignerUsesSeparateTokenTypes (0.00s)
FAIL
FAIL	github.com/Dubnium-105/ProjectRebound/Backend/internal/matchlobby	1.805s
FAIL
EXIT_CODE=1
