=== RUN   TestStrictRosterDedicatedLifecycleAgainstPostgreSQL
--- PASS: TestStrictRosterDedicatedLifecycleAgainstPostgreSQL (0.42s)
=== RUN   TestJoinGrantHTTPReturnsSignedScopeAlongsideGrant
--- PASS: TestJoinGrantHTTPReturnsSignedScopeAlongsideGrant (0.00s)
=== RUN   TestMemberConnectionHTTPReturnsNoStoreValidatedEvidence
--- PASS: TestMemberConnectionHTTPReturnsNoStoreValidatedEvidence (0.00s)
=== RUN   TestMemberConnectionHTTPDoesNotExposeMissingEvidence
--- PASS: TestMemberConnectionHTTPDoesNotExposeMissingEvidence (0.00s)
=== RUN   TestDedicatedNativeClearedRejectsUnscopedOwnedProcessEvidence
--- PASS: TestDedicatedNativeClearedRejectsUnscopedOwnedProcessEvidence (0.00s)
=== RUN   TestStrictRosterP2PHostOwnedProcessExitCleanupAgainstPostgreSQL
--- PASS: TestStrictRosterP2PHostOwnedProcessExitCleanupAgainstPostgreSQL (0.24s)
=== RUN   TestStrictRosterAdminForceAbortIsAuditedAndDrainKeepsReadsAgainstPostgreSQL
--- PASS: TestStrictRosterAdminForceAbortIsAuditedAndDrainKeepsReadsAgainstPostgreSQL (0.16s)
=== RUN   TestStrictRosterP2PPreflightNativeProcessNotStartedCleanupAgainstPostgreSQL
--- PASS: TestStrictRosterP2PPreflightNativeProcessNotStartedCleanupAgainstPostgreSQL (0.16s)
=== RUN   TestStrictRosterP2PPreflightNotStartedRejectsInstalledPayloadAgainstPostgreSQL
--- PASS: TestStrictRosterP2PPreflightNotStartedRejectsInstalledPayloadAgainstPostgreSQL (0.18s)
=== RUN   TestStrictRosterP2PLifecycleAgainstPostgreSQL
    service_integration_test.go:756: P2P authority ready replaced a still-live HOST scope: Internal server error.: can't scan into dest[14]: cannot scan NULL into *bool
--- FAIL: TestStrictRosterP2PLifecycleAgainstPostgreSQL (0.33s)
=== RUN   TestCreateValidationLocksHostingKindAndTwoTeamCapacity
--- PASS: TestCreateValidationLocksHostingKindAndTwoTeamCapacity (0.00s)
=== RUN   TestOpenRevisionFailsClosedAfterFreezeOrConflict
--- PASS: TestOpenRevisionFailsClosedAfterFreezeOrConflict (0.00s)
=== RUN   TestAdmissionSignerBindsFrozenRosterAndJoinSeat
--- PASS: TestAdmissionSignerBindsFrozenRosterAndJoinSeat (0.00s)
=== RUN   TestAdmissionSignerRejectsMissingConfiguredKey
--- PASS: TestAdmissionSignerRejectsMissingConfiguredKey (0.00s)
=== RUN   TestAdmissionSignerUsesSeparateTokenTypes
--- PASS: TestAdmissionSignerUsesSeparateTokenTypes (0.00s)
FAIL
FAIL	github.com/Dubnium-105/ProjectRebound/Backend/internal/matchlobby	1.582s
FAIL
EXIT_CODE=1
