{"time":"2026-09-07T22:44:48.3241168+08:00","level":"WARN","msg":"using ephemeral development device-fingerprint key; device correlation will not survive a restart"}
{"time":"2026-09-07T22:44:48.3657387+08:00","level":"WARN","msg":"development Steam ticket bypass is enabled for an explicit lab allowlist","allowlisted_players":1}
{"time":"2026-09-07T22:44:48.3657387+08:00","level":"WARN","msg":"integrity challenge is disabled because no ToolBox public certificate is configured"}
{"time":"2026-09-07T22:44:48.3662637+08:00","level":"WARN","msg":"no machine administrator tokens configured; internal operational routes will reject requests"}
{"time":"2026-09-07T22:44:48.3662637+08:00","level":"WARN","msg":"using ephemeral development administrator MFA key; configure ADMIN_MFA_ENCRYPTION_KEY_BASE64 before creating accounts"}
{"time":"2026-09-07T22:44:48.3662637+08:00","level":"WARN","msg":"Cloudflare Turnstile is not configured; human administrator login will remain unavailable"}
{"time":"2026-09-07T22:44:48.6590049+08:00","level":"WARN","msg":"using ephemeral development game server CA; node certificates will not survive a restart"}
{"time":"2026-09-07T22:44:48.6590049+08:00","level":"WARN","msg":"using ephemeral development VNT room key; rooms will not survive a restart"}
{"time":"2026-09-07T22:44:48.6595497+08:00","level":"WARN","msg":"no relay bootstrap tokens configured; relay enrollment will be rejected"}
{"time":"2026-09-07T22:44:48.6595497+08:00","level":"WARN","msg":"using ephemeral development relay CA; node certificates will not survive a restart"}
{"time":"2026-09-07T22:44:48.673951+08:00","level":"WARN","msg":"using ephemeral development update-signing key; manifests will not verify after restart"}
{"time":"2026-09-07T22:44:48.6750097+08:00","level":"INFO","msg":"control-plane listening","address":":18081"}
{"time":"2026-09-07T22:44:48.6764175+08:00","level":"INFO","msg":"relay control listening","address":":19091","mtls":true}
{"time":"2026-09-07T22:44:48.7403375+08:00","level":"INFO","msg":"http request","request_id":"req_84606162c6a148478405fb8aa1be2b00","method":"GET","path":"/health/ready","status":200,"response_bytes":80,"duration_ms":1}
{"time":"2026-09-07T22:44:48.7935793+08:00","level":"INFO","msg":"http request","request_id":"req_1fa94a4590684854af573fb8083eaf14","method":"POST","path":"/v1/auth/bind","status":200,"response_bytes":1121,"duration_ms":51}
{"time":"2026-09-07T22:44:48.8019382+08:00","level":"INFO","msg":"http request","request_id":"req_bbe35a34a1d74718ba2e5680eed325d5","method":"GET","path":"/v1/client/config","status":200,"response_bytes":424,"duration_ms":7}
{"time":"2026-09-07T22:44:48.8245548+08:00","level":"INFO","msg":"http request","request_id":"req_f4e4df0d37424f18be258de078bac24f","method":"GET","path":"/v1/match-lobbies/e2e19-live-active-lobby-1788792287933031400","status":200,"response_bytes":1212,"duration_ms":20}
{"time":"2026-09-07T22:44:48.8393032+08:00","level":"INFO","msg":"http request","request_id":"req_0e6509b6693f4b82a2fc150d91d33bbc","method":"POST","path":"/v1/match-attempts/e2e19-live-active-attempt-1788792287933031400/host/heartbeat","status":200,"response_bytes":79,"duration_ms":13}
{"time":"2026-09-07T22:44:48.8460071+08:00","level":"INFO","msg":"http request","request_id":"req_7a456b8a10d64cfea2fd5de3db8aed83","method":"POST","path":"/v1/match-lobbies","status":409,"response_bytes":204,"duration_ms":5}
{"time":"2026-09-07T22:44:48.9122697+08:00","level":"INFO","msg":"http request","request_id":"req_42c762d7f869411585ec67ae2ac72772","method":"POST","path":"/v1/admin/match-attempts/e2e19-live-abort-attempt-1788792287933031400/force-abort","status":200,"response_bytes":1309,"duration_ms":37}
