E2E19_SCHEMA_UPGRADE_START db=rebound_e2e19_live_1788791710
CREATE TABLE
BEGIN
 ?column? 
----------
        1
(1 row)

INSERT 0 1
COMMIT
APPLIED version=1 name=000001_baseline.sql sha256=ac7b39b421abca39b4a534ef9053ba44a9f19c3605520dcf6bbc7eb5ec126a2e
BEGIN
CREATE TABLE
CREATE INDEX
CREATE TABLE
CREATE INDEX
CREATE INDEX
CREATE INDEX
CREATE INDEX
CREATE TABLE
CREATE INDEX
CREATE INDEX
INSERT 0 1
COMMIT
APPLIED version=2 name=000002_auth.sql sha256=b213b1478e1a5ef4afe9875cfefb35879bb7e5971e96c7cdcc82ed42135675aa
BEGIN
CREATE TABLE
CREATE INDEX
CREATE INDEX
INSERT 0 1
COMMIT
APPLIED version=3 name=000003_admin.sql sha256=e0099c7aa1548cfe6b7d57c4f4db5c6de8638c3bc1cb1d210e518d37f75b80cf
BEGIN
CREATE TABLE
CREATE INDEX
CREATE INDEX
CREATE INDEX
INSERT 0 1
COMMIT
APPLIED version=4 name=000004_game_servers.sql sha256=11faadd2e463fafb168caac68bd6adacc4873c4a357d546aaec488fb1dcd31c6
BEGIN
CREATE TABLE
CREATE INDEX
CREATE INDEX
CREATE TABLE
CREATE INDEX
INSERT 0 1
COMMIT
APPLIED version=5 name=000005_p2p_rooms.sql sha256=adf968fe238a5b944bb398bfaa9f706c4f9865e214017a75be9cd08ea0c83282
BEGIN
CREATE TABLE
CREATE INDEX
CREATE INDEX
CREATE INDEX
CREATE TABLE
CREATE INDEX
CREATE TABLE
INSERT 0 1
COMMIT
APPLIED version=6 name=000006_connections.sql sha256=5bfa2148543d46b6dbd642d821379000fe3a383d5784499745f9974d7377dcb8
BEGIN
CREATE TABLE
CREATE TABLE
ALTER TABLE
CREATE INDEX
CREATE INDEX
CREATE TABLE
CREATE INDEX
CREATE INDEX
CREATE TABLE
CREATE INDEX
INSERT 0 1
COMMIT
APPLIED version=7 name=000007_relay_registry.sql sha256=8fc98390de1d27b5350482715c5137ea6a4adb8aeb9b9befd3713efaf7804757
BEGIN
ALTER TABLE
ALTER TABLE
ALTER TABLE
CREATE TABLE
CREATE INDEX
CREATE INDEX
INSERT 0 1
COMMIT
APPLIED version=8 name=000008_relay_migrations.sql sha256=4f55b4b0fab23e73a0690cb9527cb52a97084e3d83f2501aefe49e21b48398cd
BEGIN
ALTER TABLE
CREATE INDEX
CREATE TABLE
CREATE INDEX
CREATE INDEX
CREATE TABLE
CREATE INDEX
CREATE INDEX
INSERT 0 1
COMMIT
APPLIED version=9 name=000009_auth_security.sql sha256=d28c74059c8847271a7fc814d1b5d6e07e4135d92d39025e2b1881e9359cdd3c
BEGIN
CREATE TABLE
CREATE INDEX
CREATE INDEX
CREATE TABLE
CREATE INDEX
CREATE INDEX
INSERT 0 1
COMMIT
APPLIED version=10 name=000010_invite_codes.sql sha256=8b28d60fa742829d22d9fb40ca5267146e6e47d59dd37791b71d9bcf3ddf7d20
BEGIN
ALTER TABLE
CREATE INDEX
INSERT 0 1
COMMIT
APPLIED version=11 name=000011_relay_load_state.sql sha256=7dd5e95bf006b58b764427090dbd181254b1a78fb2936e206f44b1cc8bf18c12
BEGIN
ALTER TABLE
UPDATE 0
CREATE INDEX
INSERT 0 1
COMMIT
APPLIED version=12 name=000012_relay_migration_retries.sql sha256=a26d7c0f4d7da3a4634347f61f3b0696d4626a5e5cdbd300fce6400f6965fda3
BEGIN
ALTER TABLE
CREATE INDEX
INSERT 0 1
COMMIT
APPLIED version=13 name=000013_relay_drain_mode.sql sha256=b9d5549805ec2a8a6f55258d0e088473edb6a62ede3db9485f6de66e33c5c462
BEGIN
CREATE TABLE
CREATE INDEX
CREATE TABLE
INSERT 0 1
COMMIT
APPLIED version=14 name=000014_relay_signing_keys.sql sha256=269ae0de64f47ebdfea53971546c2d4102f272fe5af792d2c7b6db848444435b
BEGIN
CREATE TABLE
CREATE INDEX
INSERT 0 1
COMMIT
APPLIED version=15 name=000015_relay_node_credentials.sql sha256=969554d2f108899d2f85435252a2c8824ab1f07f3e85d0895d94c1ba90901137
BEGIN
ALTER TABLE
ALTER TABLE
INSERT 0 1
COMMIT
APPLIED version=16 name=000016_relay_allocation_migrating.sql sha256=0141f24eac1e50e8cd53168a3abf74c9c83ede4f28d7239703dbc3999b0faf6d
BEGIN
CREATE TABLE
CREATE INDEX
CREATE TABLE
CREATE TABLE
CREATE TABLE
CREATE TABLE
CREATE TABLE
CREATE TABLE
CREATE INDEX
CREATE TABLE
CREATE INDEX
CREATE TABLE
CREATE INDEX
CREATE INDEX
CREATE TABLE
CREATE INDEX
CREATE INDEX
INSERT 0 1
INSERT 0 32
INSERT 0 32
INSERT 0 1
COMMIT
APPLIED version=17 name=000017_admin_auth.sql sha256=d3747815de71f8ce4c48e95f8922f6ee004ac6bb6ca40840e67091620eb25025
BEGIN
ALTER TABLE
ALTER TABLE
CREATE TABLE
CREATE INDEX
CREATE INDEX
CREATE TABLE
CREATE INDEX
INSERT 0 1
COMMIT
APPLIED version=18 name=000018_admin_governance.sql sha256=e357fcf038a671a79a62769e9d6aa747949724318b5e1d497340745e02a4b183
BEGIN
ALTER TABLE
CREATE INDEX
INSERT 0 1
COMMIT
APPLIED version=19 name=000019_admin_risk_resolution.sql sha256=726906854c33aa47b15b0d05585c8b11a80a20ce3b1323a33bb7131020e96814
BEGIN
ALTER TABLE
INSERT 0 1
COMMIT
APPLIED version=20 name=000020_relay_audit_context.sql sha256=988aea625d7b6935443a334f856e9f10430c867921c7098d1e19fd074e420611
BEGIN
CREATE TABLE
CREATE INDEX
CREATE INDEX
INSERT 0 1
COMMIT
APPLIED version=21 name=000021_admin_releases.sql sha256=6c83ad946287cca074e1b04468dbe5e5306abff976dbc07c8901ce0d9d1261a7
BEGIN
INSERT 0 4
INSERT 0 4
INSERT 0 6
INSERT 0 56
INSERT 0 1
COMMIT
APPLIED version=22 name=000022_admin_default_roles.sql sha256=568f47739a19922e0c87a31cbf63613af64bfe2044f4cb7cb026e5683bc7348c
BEGIN
CREATE TABLE
INSERT 0 6
INSERT 0 1
COMMIT
APPLIED version=23 name=000023_admin_settings.sql sha256=d1c8873b19924dc3db458b79d2047b650ad62c0bed7bfacc432094b49062e1db
BEGIN
CREATE TABLE
CREATE INDEX
CREATE INDEX
CREATE INDEX
ALTER TABLE
ALTER TABLE
ALTER TABLE
CREATE INDEX
CREATE INDEX
CREATE INDEX
INSERT 0 1
COMMIT
APPLIED version=24 name=000024_device_fingerprints.sql sha256=10008efa69fcd52d593755144d4e0d4577a45a262a73a1709da5c4c65bf97357
BEGIN
CREATE TABLE
CREATE TABLE
CREATE INDEX
CREATE TABLE
CREATE INDEX
INSERT 0 1
COMMIT
APPLIED version=25 name=000025_meta_profiles_loadouts.sql sha256=c613313e45a5022f70282764e6e4d102496051a5c5c168efff7f0ad6a9bc4e2c
BEGIN
CREATE TABLE
CREATE TABLE
CREATE INDEX
CREATE INDEX
CREATE INDEX
INSERT 0 1
COMMIT
APPLIED version=26 name=000026_meta_parties.sql sha256=16c25625d9a18a55cb183eafa24f38300f490f4a986ffa22995663ff11aa420c
BEGIN
CREATE TABLE
CREATE INDEX
CREATE INDEX
CREATE INDEX
CREATE INDEX
CREATE TABLE
CREATE INDEX
CREATE TABLE
CREATE INDEX
INSERT 0 1
COMMIT
APPLIED version=27 name=000027_meta_matchmaking.sql sha256=ddcf9d3642c79bd6f6b9a0500772f83f55553ddcd635a1d9542da0b4be8eeaa1
BEGIN
CREATE TABLE
CREATE INDEX
CREATE TABLE
CREATE INDEX
CREATE TABLE
ALTER TABLE
INSERT 0 5
INSERT 0 5
INSERT 0 9
INSERT 0 1
COMMIT
APPLIED version=28 name=000028_meta_content_admin.sql sha256=f8e725b8deea673ddac7b96231842fb52743402da5acf153cfabd9a985ddde60
BEGIN
ALTER TABLE
ALTER TABLE
ALTER TABLE
ALTER TABLE
CREATE TABLE
CREATE INDEX
CREATE TABLE
CREATE INDEX
CREATE INDEX
CREATE INDEX
ALTER TABLE
ALTER TABLE
INSERT 0 1
COMMIT
APPLIED version=29 name=000029_encrypted_app_ticket.sql sha256=c55833c23de16a2ace7966a6713506a81c1988cdee6f38b70f90fa27ad7fca0f
BEGIN
ALTER TABLE
ALTER TABLE
INSERT 0 1
COMMIT
APPLIED version=30 name=000030_admin_release_toolbox_channel.sql sha256=2b1a3012eae16b477fc36c5071412390e070047c6339ea99156fcfd675e3bb4d
BEGIN
ALTER TABLE
UPDATE 0
ALTER TABLE
UPDATE 0
CREATE TABLE
CREATE INDEX
CREATE INDEX
CREATE INDEX
CREATE INDEX
CREATE TABLE
CREATE TABLE
CREATE INDEX
CREATE INDEX
CREATE TABLE
CREATE TABLE
CREATE TABLE
INSERT 0 3
INSERT 0 3
INSERT 0 5
INSERT 0 1
COMMIT
APPLIED version=31 name=000031_battlelog.sql sha256=261fc9530133525467a0e772892e2bfd9abc574c38bb4db92cf2df31f4996cf7
BEGIN
CREATE TABLE
CREATE INDEX
CREATE INDEX
CREATE TABLE
CREATE INDEX
CREATE TABLE
CREATE INDEX
CREATE TABLE
CREATE INDEX
CREATE INDEX
CREATE TABLE
CREATE INDEX
CREATE INDEX
CREATE TABLE
CREATE INDEX
CREATE TABLE
CREATE INDEX
CREATE TABLE
CREATE TABLE
INSERT 0 3
INSERT 0 3
INSERT 0 5
INSERT 0 1
COMMIT
APPLIED version=32 name=000032_p2p_battlelog.sql sha256=f445fe77cab6fbf9864e5d453dcabea955bc47d582da52ccdce79ed1fb5a06fd
BEGIN
CREATE TABLE
INSERT 0 1
COMMIT
APPLIED version=33 name=000033_diagnostic_reports.sql sha256=926e1e0bab24a37dccfc9c8b8b447e45ca3342d878a8c8e427d6284daf7d75a3
BEGIN
ALTER TABLE
UPDATE 0
CREATE TABLE
CREATE INDEX
CREATE INDEX
CREATE INDEX
ALTER TABLE
INSERT 0 1
INSERT 0 2
INSERT 0 1
COMMIT
APPLIED version=34 name=000034_game_server_registration_tokens.sql sha256=ea507f51155b523d0b37981647748936ffdd95ab3e989a87e49feea4d5d25a08
BEGIN
ALTER TABLE
UPDATE 0
CREATE TABLE
CREATE INDEX
INSERT 0 1
COMMIT
APPLIED version=35 name=000035_game_server_node_identity.sql sha256=cd44e84b2acc66bd983b4864c7512c4791d133371fe3b10e655e4a07528546b3
BEGIN
CREATE TABLE
CREATE INDEX
INSERT 0 0
CREATE TABLE
CREATE INDEX
CREATE TABLE
CREATE INDEX
CREATE TABLE
CREATE INDEX
ALTER TABLE
UPDATE 0
ALTER TABLE
CREATE INDEX
CREATE TABLE
CREATE INDEX
CREATE TABLE
INSERT 0 0
INSERT 0 0
INSERT 0 1
COMMIT
APPLIED version=36 name=000036_player_entitlements_and_vnt.sql sha256=0e7b33b2f92426070db57d25a41b6be8f1992cff662d0becad435e468d7af3c3
BEGIN
INSERT 0 3
INSERT 0 3
INSERT 0 7
INSERT 0 1
COMMIT
APPLIED version=37 name=000037_vnt_admin_permissions.sql sha256=f26f5de46fc8769d160b8f319ddf59f39b0c21647769b39bb90a0086964dafc2
BEGIN
CREATE TABLE
CREATE INDEX
CREATE INDEX
CREATE INDEX
CREATE INDEX
CREATE INDEX
INSERT 0 1
COMMIT
APPLIED version=38 name=000038_vnt_security_audit.sql sha256=e931c637298af9d8fd53b0bb9c87326417d02d0031bf80864a63f590ff18bd27
BEGIN
CREATE TABLE
CREATE INDEX
CREATE TABLE
CREATE INDEX
CREATE TABLE
CREATE INDEX
CREATE INDEX
CREATE INDEX
CREATE TABLE
CREATE INDEX
INSERT 0 5
INSERT 0 5
INSERT 0 5
INSERT 0 1
INSERT 0 1
COMMIT
APPLIED version=39 name=000039_download_catalog.sql sha256=ce2ad4ce0967f17b9228c17211a7283d0aea15392da89718f2ac4e5ca0f69436
BEGIN
ALTER TABLE
INSERT 0 1
COMMIT
APPLIED version=40 name=000040_integrity_protocol_v2.sql sha256=31904e676f44471c0bb1e9a727f542795b3a9ffffef4fbbc2cab10d5e42a7995
BEGIN
ALTER TABLE
CREATE INDEX
ALTER TABLE
CREATE INDEX
CREATE INDEX
INSERT 0 3
INSERT 0 3
INSERT 0 3
INSERT 0 1
COMMIT
APPLIED version=41 name=000041_admin_online_resource_retirement.sql sha256=2c11ecd05a9b05f9d44f5af57de79f8463fe306552537d86c4ca4c4a5f9c5598
BEGIN
CREATE TABLE
CREATE INDEX
CREATE INDEX
CREATE TABLE
CREATE INDEX
CREATE INDEX
CREATE TABLE
CREATE INDEX
ALTER TABLE
CREATE TABLE
CREATE TABLE
CREATE INDEX
ALTER TABLE
ALTER TABLE
ALTER TABLE
ALTER TABLE
ALTER TABLE
INSERT 0 1
COMMIT
APPLIED version=42 name=000042_match_lobbies.sql sha256=fb0398c6b3e3ec730769a99cf2f910c02679992c9b6b801840b569265ddc2119
PRE_UPGRADE applied_count=42 max_version=42
INSERT 0 1
PRE_UPGRADE_DATA player_count=1
BEGIN
ALTER TABLE
CREATE INDEX
INSERT 0 1
COMMIT
APPLIED version=43 name=000043_match_admission_delivery.sql sha256=a94d28f91047acfe4ca7b51a78c2732b0a25d3d7fcd1128a7f05ee8114feea58
BEGIN
ALTER TABLE
ALTER TABLE
ALTER TABLE
ALTER TABLE
CREATE INDEX
ALTER TABLE
ALTER TABLE
CREATE INDEX
ALTER TABLE
ALTER TABLE
CREATE INDEX
CREATE INDEX
INSERT 0 1
COMMIT
APPLIED version=44 name=000044_strict_roster_leases.sql sha256=c74462d1a5b1d586728265231fd93fb951d212f75b9303d227cc58ef7121303e
BEGIN
ALTER TABLE
ALTER TABLE
CREATE INDEX
INSERT 0 1
COMMIT
APPLIED version=45 name=000045_match_admission_reservations.sql sha256=0b1b876c883925bae57c6cc52988277e217ae5b484dddf82cc6729c9f750953b
BEGIN
ALTER TABLE
INSERT 0 1
COMMIT
APPLIED version=46 name=000046_match_admission_connection_nonce.sql sha256=6b56a1e9db3ba93997acecdc79c7cfe2639efaafdde4780d32b75168614d7093
BEGIN
ALTER TABLE
ALTER TABLE
INSERT 0 1
COMMIT
APPLIED version=47 name=000047_strict_roster_live_nonce.sql sha256=0f5771be19f7e0d3e808bad3615bdb4b6cf2162864e8ae9d0109f7de7cde95e5
POST_UPGRADE max_version=47 preupgrade_player_count=1
