
> frontend@0.9.12 test:ui
> node --test tests/ui-contract.test.mjs

✔ failed credential revocation cannot restore an old authenticated session (3.0215ms)
✔ cleanup failure restores only the freshly queried authenticated session (0.9341ms)
✔ launch events preserve online role and reject prior account, Attempt and run (0.9282ms)
✔ late old termination and duplicate events cannot overwrite a new launch (0.405ms)
✔ a newer accepted operation replaces the displayed operation without accepting stale acceptance (2.8435ms)
✔ online success is shown as a room session and requires real nonempty process IDs (0.6759ms)
✔ isolated PvE has no online session or roster scope (0.3622ms)
✔ a delayed game-exit observation cannot clear a newer operation (0.2848ms)
✔ match operation events buffer across the snapshot race and replay in order (2.9336ms)
✔ buffered match events cannot cross account epochs (1.2074ms)
✔ a terminal event remains admissible after its authoritative snapshot clears live scope (0.5599ms)
✔ sensitive actions require explicit confirmation payloads and native argument names (1.2899ms)
✔ catalog loading uses the native JSON command and file downloads remain ordinary links (0.4479ms)
✔ frontend update and download flows never read file response bodies (1.0043ms)
✔ the authoritative lobby UI owns roster operations and keeps transport details below the launch page (0.8898ms)
✔ the player room UI offers Boundary's ten-player room capacity (0.7304ms)
✔ the room lobby explains host membership and the two-player launch gate (0.247ms)
✔ signed-in users can redeem an invitation without logging out (0.2757ms)
✔ modal dismissal is locked while a confirmed operation is busy (0.197ms)
✔ Settings receives update and download state (1.0014ms)
✔ release version labels derive from package metadata instead of stale literals (0.3524ms)
ℹ tests 21
ℹ suites 0
ℹ pass 21
ℹ fail 0
ℹ cancelled 0
ℹ skipped 0
ℹ todo 0
ℹ duration_ms 422.7676
