
> frontend@0.9.12 test:status
> node --test tests/status-model.test.mjs

✔ unknown and missing values never report a healthy state (7.8487ms)
✔ semantic states follow familiar neutral blue green yellow red meanings (1.1835ms)
✔ legacy color payloads remain compatible without preserving the old visual meaning (0.5229ms)
✔ normalizes nested documented payloads and flat native payloads (0.4188ms)
✔ parses every Rust port-status serde shape (0.8846ms)
✔ port and process details carry text in addition to color (2.8224ms)
✔ launch progress temporarily overrides process activity with blue info (0.4246ms)
✔ launch progress never hides stale or unhealthy process states (0.4483ms)
✔ backend observation time detects replayed and out-of-order snapshots (0.4553ms)
✔ stale snapshots are rejected after three event intervals (0.7431ms)
✔ new status copy is complete in both languages (1.8815ms)
ℹ tests 11
ℹ suites 0
ℹ pass 11
ℹ fail 0
ℹ cancelled 0
ℹ skipped 0
ℹ todo 0
ℹ duration_ms 369.3143
