
> frontend@0.9.12 test:bridge
> node --test tests/tauri-bridge.test.mjs

✔ normalizes bare and wrapped collection event payloads (4.6618ms)
✔ normalizes Rust string rejections and JavaScript errors (0.4486ms)
✔ normalizes nullable update channels and rejects malformed channel state (1.6196ms)
✔ does not report a native bridge in Node (0.444ms)
✔ mock bridge exposes the automatic game path detection contract (5.4525ms)
✔ mock bridge runs offline launch and authoritative lobby lifecycle with native response shapes (246.8218ms)
✔ mock bridge failure injection leaves installation state unchanged (2.3074ms)
✔ mock bridge exposes catalog and only advances ToolBox version after successful update (1.902ms)
✔ mock bridge does not advance launch, exit, or config state after rejection (164.1633ms)
✔ authoritative lobby mutations require an installed mod and explicit P2P capability (2.5005ms)
✔ action availability gates path, installation, Steam, busy, and running state (2.2689ms)
✔ pausing new lobbies preserves existing lobby access and joining (0.3974ms)
✔ invitation redemption updates capabilities without a new login (0.8968ms)
ℹ tests 13
ℹ suites 0
ℹ pass 13
ℹ fail 0
ℹ cancelled 0
ℹ skipped 0
ℹ todo 0
ℹ duration_ms 1544.5342
