audit_time=2026-09-07T22:02:23.6536109+08:00
toolbox_head=32dcee8616cb6b87271a13b5165df335e54311a2
toolbox_status=
driver_sha256=FDF7347B28028D081E87557D4D27B7F50F18E20577E634FC830FDCC75AA4FBF1
writer_sha256=131484DCF18B08C19EE08B4ECF30FD064A03AC96953AEBC465C0C233B6F01332
driver_path_expression=
let path = config::app_data_root()?.join("app_config.json");
writer_env_assignment=
"E2E11_CONFIG_WRITER": str(args.config_writer.resolve()),
writer_pause_boundary=
temporary.as_file().sync_all()?;
if std::env::var_os("REBOUND_TEST_PAUSE_CONFIG_REPLACE").as_deref() == Some(path.as_os_str()) {
temporary.persist(path).map_err(|error| error.error)?;
if let Some(path) = std::env::var_os("REBOUND_TEST_PAUSE_CONFIG_REPLACE") {
.env("REBOUND_TEST_PAUSE_CONFIG_REPLACE", &path)
post_kill_assertions=
if ready.exists() {
while !ready.exists() && Instant::now() < deadline {
ensure!(ready.exists(), "config interruption writer did not reach ciphertext flush");
let _ = child.kill();
recovered.session_epoch == expected_epoch && recovered.access_token == expected_access,
.starts_with(".app_config.pending-")
integrated_log=
{
  "status": "PASS",
  "driver_exit_code": 0,
  "counts": {
    "old_401": 22,
    "protected_success": 20,
    "refresh": 3,
    "logout": 1,
    "meta_old": 1,
    "meta_new": 1,
    "ws_old": 1,
    "ws_new": 1,
    "logic_connections": 1
  },
  "markers": [
    "config-interruption-recovered",
    "logic-hit",
    "meta-new",
    "meta-old",
    "old401-20",
    "old401-release",
    "refresh-started-logout",
    "refresh-started-phase_a",
    "refresh-started-switch",
    "release-refresh-logout",
    "release-refresh-phase_a",
    "release-refresh-switch",
    "ws-new",
    "ws-old"
  ],
  "driver_stdout": "PASS: integrated HTTP 401/refresh + MetaTunnel token handoff + WS reconnect + logout/switch epoch barriers (resync=true, logic_bridge=PASS)",
  "driver_stderr": ""
}

[exit_code] 0
final_report_json=
status=PASS
all_evidence_paths_exist=True
