command=GOOS=linux GOARCH=amd64 CGO_ENABLED=0 go build -trimpath -o artifacts/backend/ ./cmd/control-plane ./cmd/meta-server ./cmd/edge-relay
a049d5685e8ac402c8855f3a93b7301c4f35ac78
go version go1.26.6 windows/amd64
exit_code=0
.tmp/strict-roster-20260907/artifacts/backend/control-plane: go1.26.6
	path	github.com/Dubnium-105/ProjectRebound/Backend/cmd/control-plane
	mod	github.com/Dubnium-105/ProjectRebound/Backend	(devel)	
	dep	github.com/aws/aws-sdk-go-v2	v1.43.4	h1:b9FTvbRwy+JCsfp2Wp6wV/KbOx3Aj7nkoFb2cRX0IhE=
	dep	github.com/aws/aws-sdk-go-v2/aws/protocol/eventstream	v1.7.16	h1:aiuaKlDweRC5qExJondpWjOgyzMHpofpwspGXUtwn4c=
	dep	github.com/aws/aws-sdk-go-v2/config	v1.32.35	h1:UEzXuET8E42lxBPijuACu/tEK7v5lFPlk0Q+GT5WD9E=
	dep	github.com/aws/aws-sdk-go-v2/credentials	v1.19.34	h1:y6GkSmcv5myd1ngrYbGmiLlwQqB6TQhOuN/tbSSuWDY=
	dep	github.com/aws/aws-sdk-go-v2/feature/ec2/imds	v1.18.35	h1:+S7kbJoLDDQ5tE+lHrUBgMkzC8NLgsaioS2F3dVoFAE=
	dep	github.com/aws/aws-sdk-go-v2/internal/configsources	v1.4.35	h1:kzVuGlatQtYinwBJEEyLAbggepCoavosiaHHX9+fD+c=
	dep	github.com/aws/aws-sdk-go-v2/internal/endpoints/v2	v2.7.35	h1:WK6CjihTuLisCjSKKbildJ79sGZZgbBz3iNa7VsKIhU=
	dep	github.com/aws/aws-sdk-go-v2/internal/v4a	v1.4.36	h1:jbGY4CXLzZElOXgGsexlC3Hi+3YM0rSmk4opFXKqg/k=
	dep	github.com/aws/aws-sdk-go-v2/service/internal/accept-encoding	v1.13.15	h1:JJLBQxwY+AFwuPAi5ivGc1ChnTdUt4cXMv7e76m2c/Y=
	dep	github.com/aws/aws-sdk-go-v2/service/internal/checksum	v1.9.28	h1:Q1TF1J9jVD+vFo0LzNnmNdQ9EAt52TS+MQlq9Ir+Yxo=
	dep	github.com/aws/aws-sdk-go-v2/service/internal/presigned-url	v1.13.35	h1:BBEElKh4a+rKshvjrfpajTe9CbpZvrbb4Jkg2PB7RzA=
	dep	github.com/aws/aws-sdk-go-v2/service/internal/s3shared	v1.19.36	h1:EUIwBoN+q7UmhAejxgD27APiRjh1vwCFo53gSqdT0BM=
	dep	github.com/aws/aws-sdk-go-v2/service/s3	v1.107.0	h1:OkYV+1171za+ab9otU1tGxMXhx6uZvwVEtVddjLuYTg=
	dep	github.com/aws/aws-sdk-go-v2/service/signin	v1.5.4	h1:cOJELVNrq5Q3Udry2GLuHUM7MhwpeaQRdYaoa6GI/yI=
	dep	github.com/aws/aws-sdk-go-v2/service/sso	v1.33.4	h1:AMW7a7S8iQaHjBYZdU3PCq4GKRPijTPRAc7e6XtEThY=
	dep	github.com/aws/aws-sdk-go-v2/service/ssooidc	v1.38.4	h1:AsbZcJAQPRmHDJG8K1N0pof/1zPWjVT8TFlTWuGLSvo=
	dep	github.com/aws/aws-sdk-go-v2/service/sts	v1.45.4	h1:w/AryDYMjSUANSQ2uoZxJovUsMTwWJNTv3IMex30Y+4=
	dep	github.com/aws/smithy-go	v1.27.6	h1:0zjT8jgK3jbrTT7JJ3EE6JsMhX8JTrZ+f1sEndYDXrA=
	dep	github.com/cespare/xxhash/v2	v2.3.0	h1:UL815xU9SqsFlibzuggzjXhog7bL6oX9BbNZnL2UFvs=
	dep	github.com/coder/websocket	v1.8.15	h1:6B2JPeOGlpff2Uz6vOEH1Vzpi0iUz20A+lPVhPHtNUA=
	dep	github.com/go-chi/chi/v5	v5.3.1	h1:3j4HZLGZQ3JpMCrPJF/Jl3mYJfWLKBfNJ6quurUGCf8=
	dep	github.com/google/uuid	v1.6.0	h1:NIvaJDMOsjHA8n1jAhLSgzrAzy1Hgr+hNrb57e+94F0=
	dep	github.com/jackc/pgpassfile	v1.0.0	h1:/6Hmqy13Ss2zCq62VdNG8tM1wchn8zjSGOBJ6icpsIM=
	dep	github.com/jackc/pgservicefile	v0.0.0-20240606120523-5a60cdf6a761	h1:iCEnooe7UlwOQYpKFhBabPMi4aNAfoODPEFNiAnClxo=
	dep	github.com/jackc/pgx/v5	v5.10.0	h1:VhSvgU2jSli8o3AqIEOTJr7rZwAEUVo4E4XhR94Zfr0=
	dep	github.com/jackc/puddle/v2	v2.2.2	h1:PR8nw+E/1w0GLuRFSmiioY6UooMp6KJv0/61nB7icHo=
	dep	github.com/redis/go-redis/v9	v9.21.0	h1:FPBE4hhbAke+TLmcY3WkpbDffJEomdqPn3HYiqAtL9E=
	dep	go.uber.org/atomic	v1.11.0	h1:ZvwS0R+56ePWxUNi+Atn9dWONBPp/AUETXlHW0DxSjE=
	dep	golang.org/x/crypto	v0.53.0	h1:QZ4Muo8THX6CizN2vPPd5fBGHyogrdK9fG4wLPFUsto=
	dep	golang.org/x/net	v0.56.0	h1:Rw8j/hFzGvJUZwNBXnAtf5sVDVt+65SK2C7IxCxZt5o=
	dep	golang.org/x/sync	v0.22.0	h1:SZjpbeLmrCk4xhRSZFNZW5gFUeCeFgjekvI/+gfScek=
	dep	golang.org/x/sys	v0.47.0	h1:o7XGOvZQCADBQQ4Y7VNq2dRWQR7JmOUW8Kxx4ZsNgWs=
	dep	golang.org/x/text	v0.40.0	h1:Ub2Z6/xjgF1WrYQz2nuITOEegKFtiIy+rieRJ5lHZKs=
	dep	google.golang.org/genproto/googleapis/rpc	v0.0.0-20260414002931-afd174a4e478	h1:RmoJA1ujG+/lRGNfUnOMfhCy5EipVMyvUE+KNbPbTlw=
	dep	google.golang.org/grpc	v1.82.1	h1:NnAxzGRA0677vCa4BUkOAnO5+FfQqVl9iUXeD0IqcGE=
	dep	google.golang.org/protobuf	v1.36.11	h1:fV6ZwhNocDyBLK0dj+fg8ektcVegBBuEolpbTQyBNVE=
	dep	gopkg.in/yaml.v3	v3.0.1	h1:fxVm/GzAzEWqLHuvctI91KS9hhNmmWOoWu0XTYJS7CA=
	build	-buildmode=exe
	build	-compiler=gc
	build	-trimpath=true
	build	CGO_ENABLED=0
	build	GOARCH=amd64
	build	GOOS=linux
	build	GOAMD64=v1
	build	vcs=git
	build	vcs.revision=a049d5685e8ac402c8855f3a93b7301c4f35ac78
	build	vcs.time=2026-09-07T10:49:45Z
	build	vcs.modified=true
