   Compiling rebound_toolbox v0.9.12 (C:\wksp\ProjectReboundToolbox)
warning: constant `ROOM_AUTHORITY_PIPE_TIMEOUT` is never used
  --> src\launching\launch.rs:42:7
   |
42 | const ROOM_AUTHORITY_PIPE_TIMEOUT: Duration = Duration::from_secs(45);
   |       ^^^^^^^^^^^^^^^^^^^^^^^^^^^
   |
   = note: `#[warn(dead_code)]` (part of `#[warn(unused)]`) on by default

warning: constant `LISTEN_AUTHORITY_READY_TIMEOUT` is never used
  --> src\launching\launch.rs:45:7
   |
45 | const LISTEN_AUTHORITY_READY_TIMEOUT: Duration = Duration::from_secs(45);
   |       ^^^^^^^^^^^^^^^^^^^^^^^^^^^^^^

warning: function `do_launch_pvp` is never used
   --> src\launching\launch.rs:959:4
    |
959 | fn do_launch_pvp(game_path: &str, progress: &Progress) -> Result<LaunchResult> {
    |    ^^^^^^^^^^^^^

warning: function `validate_room_id` is never used
   --> src\launching\launch.rs:984:4
    |
984 | fn validate_room_id(room_id: &str) -> Result<&str> {
    |    ^^^^^^^^^^^^^^^^

warning: enum `ListenAuthorityReadiness` is never used
    --> src\launching\launch.rs:1000:6
     |
1000 | enum ListenAuthorityReadiness {
     |      ^^^^^^^^^^^^^^^^^^^^^^^^

warning: function `classify_listen_authority_readiness` is never used
    --> src\launching\launch.rs:1006:4
     |
1006 | fn classify_listen_authority_readiness(
     |    ^^^^^^^^^^^^^^^^^^^^^^^^^^^^^^^^^^^

warning: function `wait_for_listen_authority_ready` is never used
    --> src\launching\launch.rs:1052:4
     |
1052 | fn wait_for_listen_authority_ready(
     |    ^^^^^^^^^^^^^^^^^^^^^^^^^^^^^^^

warning: function `do_launch_room_host` is never used
    --> src\launching\launch.rs:1091:4
     |
1091 | fn do_launch_room_host(
     |    ^^^^^^^^^^^^^^^^^^^

warning: function `do_launch_join` is never used
    --> src\launching\launch.rs:1157:4
     |
1157 | fn do_launch_join(
     |    ^^^^^^^^^^^^^^

warning: function `validate_room_size` is never used
   --> src\vnt\rooms.rs:641:4
    |
641 | fn validate_room_size(max_players: i32) -> Result<()> {
    |    ^^^^^^^^^^^^^^^^^^

warning: function `legacy_create_request` is never used
   --> src\vnt\rooms.rs:649:4
    |
649 | fn legacy_create_request(
    |    ^^^^^^^^^^^^^^^^^^^^^

warning: `rebound_toolbox` (lib) generated 11 warnings
    Finished `dev` profile [unoptimized + debuginfo] target(s) in 42.92s
