=== RUN   TestRetiredMetaHTTPPathsCannotUseDatabaseOrDecodeSuccess
=== RUN   TestRetiredMetaHTTPPathsCannotUseDatabaseOrDecodeSuccess/completed
=== RUN   TestRetiredMetaHTTPPathsCannotUseDatabaseOrDecodeSuccess/admin-cancel
=== RUN   TestRetiredMetaHTTPPathsCannotUseDatabaseOrDecodeSuccess/create
=== RUN   TestRetiredMetaHTTPPathsCannotUseDatabaseOrDecodeSuccess/poll
=== RUN   TestRetiredMetaHTTPPathsCannotUseDatabaseOrDecodeSuccess/cancel
=== RUN   TestRetiredMetaHTTPPathsCannotUseDatabaseOrDecodeSuccess/connected
--- PASS: TestRetiredMetaHTTPPathsCannotUseDatabaseOrDecodeSuccess (0.00s)
    --- PASS: TestRetiredMetaHTTPPathsCannotUseDatabaseOrDecodeSuccess/completed (0.00s)
    --- PASS: TestRetiredMetaHTTPPathsCannotUseDatabaseOrDecodeSuccess/admin-cancel (0.00s)
    --- PASS: TestRetiredMetaHTTPPathsCannotUseDatabaseOrDecodeSuccess/create (0.00s)
    --- PASS: TestRetiredMetaHTTPPathsCannotUseDatabaseOrDecodeSuccess/poll (0.00s)
    --- PASS: TestRetiredMetaHTTPPathsCannotUseDatabaseOrDecodeSuccess/cancel (0.00s)
    --- PASS: TestRetiredMetaHTTPPathsCannotUseDatabaseOrDecodeSuccess/connected (0.00s)
=== RUN   TestRetiredNativeMatchmakingRPCsReturnNonzeroFailure
--- PASS: TestRetiredNativeMatchmakingRPCsReturnNonzeroFailure (0.00s)
=== RUN   TestRepositoryIsolationAndRetiredMatchmakingAgainstPostgreSQL
    repository_integration_test.go:302: retired Meta ticket/connected/completed calls rejected; zero tickets, zero allocations, original server states intact
--- PASS: TestRepositoryIsolationAndRetiredMatchmakingAgainstPostgreSQL (0.66s)
PASS
ok  	github.com/Dubnium-105/ProjectRebound/Backend/internal/metaserver	0.760s
