{
  "run_id": "dedicated-component-20260907-155831-5cd069b6",
  "outcome": "BLOCKED",
  "failure": "payload_status wrapper exited before the Payload pipe was ready (exit=1)",
  "execute": true,
  "fixture_path": "C:\\wksp\\ProjectRebound\\.tmp\\strict-roster-20260907\\native-evidence\\dynamic-allocation-private.json",
  "fixture_sha256": "13A7925922F7BF62DDBBB640BF443206EE2C4D05FDE9524235B2C2EB0C90AB95",
  "authority_pipe": "ProjectRebound_DedicatedAuthority_0de8e438b6094976a1784bbe8be2196d",
  "client_pipe": "ProjectRebound_DedicatedClient_802e5983158c4c129d7b3382ac4c0be4",
  "authority_port": 47777,
  "client_port": 47778,
  "authority_world_instance_id": null,
  "backend_authority_ready_evidence_path": "C:\\wksp\\ProjectRebound\\.tmp\\strict-roster-20260907\\native-evidence\\backend-authority-ready.json",
  "backend_grant_evidence_path": "C:\\wksp\\ProjectRebound\\.tmp\\strict-roster-20260907\\native-evidence\\backend-grant-private.json",
  "backend_grant_evidence_sha256": null,
  "backend_scoped_event_path": "C:\\wksp\\ProjectRebound\\.tmp\\strict-roster-20260907\\native-evidence\\native-events.json",
  "backend_scoped_event_sha256": null,
  "backend_receipt_dir": "C:\\wksp\\ProjectRebound\\.tmp\\strict-roster-20260907\\native-evidence\\backend-receipts",
  "candidate_payload_sha256": "62F83BEC866148F1244A2B0EBD59FD1A49A23D72757D9687C5EB8E81C71D7D5D",
  "restored_payload_sha256": "6C7B5E05540AC72A6D7A9FA78F867917285FCE00081156EE13D237AA4D6C24A3",
  "authority_wrapper_pid": 23936,
  "client_wrapper_pid": null,
  "authority_game_pid": null,
  "client_game_pid": null,
  "evidence_root": "C:\\wksp\\ProjectRebound\\.tmp\\strict-roster-20260907\\native-evidence\\dedicated-component-20260907-155831-5cd069b6",
  "frames_path": "C:\\wksp\\ProjectRebound\\.tmp\\strict-roster-20260907\\native-evidence\\dedicated-component-20260907-155831-5cd069b6\\payload-frames.jsonl",
  "observed_utc": "2026-09-07T15:58:36.2512111+00:00"
}
