   Compiling proc-macro2 v1.0.107
   Compiling quote v1.0.47
   Compiling unicode-ident v1.0.24
   Compiling cfg-if v1.0.4
   Compiling windows-link v0.2.1
   Compiling smallvec v1.15.2
   Compiling libm v0.2.16
   Compiling version_check v0.9.5
   Compiling autocfg v1.5.1
   Compiling bitflags v2.13.1
   Compiling getrandom v0.4.3
   Compiling log v0.4.33
   Compiling cfg_aliases v0.2.2
   Compiling foldhash v0.2.0
   Compiling typenum v1.20.1
   Compiling shlex v2.0.1
   Compiling find-msvc-tools v0.1.10
   Compiling once_cell v1.21.4
   Compiling zerocopy v0.8.56
   Compiling stable_deref_trait v1.2.1
   Compiling thiserror v2.0.20
   Compiling windows-sys v0.61.2
   Compiling windows_x86_64_msvc v0.52.6
   Compiling pin-project-lite v0.2.17
   Compiling libc v0.2.189
   Compiling equivalent v1.0.2
   Compiling arrayvec v0.7.8
   Compiling hashbrown v0.17.1
   Compiling generic-array v0.14.7
   Compiling windows-strings v0.5.1
   Compiling num-traits v0.2.19
   Compiling windows-result v0.4.1
   Compiling pkg-config v0.3.33
   Compiling allocator-api2 v0.2.21
   Compiling windows-targets v0.52.6
   Compiling windows-threading v0.2.1
   Compiling jobserver v0.1.35
   Compiling memchr v2.8.3
   Compiling parking_lot_core v0.9.12
   Compiling litemap v0.8.2
   Compiling khronos_api v3.1.0
   Compiling writeable v0.6.3
   Compiling bytes v1.12.1
   Compiling cc v1.4.2
   Compiling raw-window-handle v0.6.2
   Compiling icu_normalizer_data v2.2.0
   Compiling hashbrown v0.16.1
   Compiling utf8_iter v1.0.4
   Compiling itoa v1.0.18
   Compiling scopeguard v1.2.0
   Compiling icu_properties_data v2.2.0
   Compiling lock_api v0.4.14
   Compiling simd-adler32 v0.3.10
   Compiling crc32fast v1.5.0
   Compiling futures-core v0.3.33
   Compiling syn v2.0.119
   Compiling syn v3.0.3
   Compiling xml-rs v0.8.29
   Compiling percent-encoding v2.3.2
   Compiling parking_lot v0.12.5
   Compiling crypto-common v0.1.7
   Compiling indexmap v2.14.0
   Compiling polycool v0.4.0
   Compiling tracing-core v0.1.36
   Compiling naga v29.0.4
   Compiling libloading v0.8.9
   Compiling bit-vec v0.9.1
   Compiling ash v0.38.0+1.3.281
   Compiling unicode-width v0.2.2
   Compiling profiling v1.0.18
   Compiling tracing v0.1.44
   Compiling bit-set v0.9.1
   Compiling gl_generator v0.14.0
   Compiling kurbo v0.13.1
   Compiling codespan-reporting v0.13.1
   Compiling block-buffer v0.10.4
   Compiling http v1.5.0
   Compiling spirv v0.4.0+sdk-1.4.341.0
   Compiling hexf-parse v0.2.1
   Compiling rustc-hash v1.1.0
   Compiling futures-sink v0.3.33
   Compiling euclid v0.22.14
   Compiling subtle v2.6.1
   Compiling foldhash v0.1.5
   Compiling khronos-egl v6.0.0
   Compiling adler2 v2.0.1
   Compiling linebender_resource_handle v0.1.1
   Compiling uuid v1.24.0
   Compiling hashbrown v0.15.5
   Compiling miniz_oxide v0.8.9
   Compiling digest v0.10.7
   Compiling glutin_wgl_sys v0.6.1
   Compiling form_urlencoded v1.2.2
   Compiling accesskit v0.24.1
   Compiling ahash v0.8.12
   Compiling guillotiere v0.7.0
   Compiling gpu-descriptor-types v0.2.0
   Compiling wgpu-hal v29.0.4
   Compiling unicode-segmentation v1.13.3
   Compiling httparse v1.10.1
   Compiling presser v0.3.1
   Compiling fearless_simd v0.4.1
   Compiling unicode-general-category v1.1.0
   Compiling windows_x86_64_msvc v0.53.1
   Compiling gpu-descriptor v0.3.2
   Compiling flate2 v1.1.9
   Compiling http-body v1.1.0
   Compiling zstd-sys v2.0.16+zstd.1.5.7
   Compiling ordered-float v5.3.0
   Compiling winit v0.30.13
   Compiling glow v0.17.0
   Compiling futures-io v0.3.33
   Compiling range-alloc v0.1.5
   Compiling static_assertions v1.1.0
   Compiling cpufeatures v0.2.17
   Compiling serde_core v1.0.229
   Compiling renderdoc-sys v1.1.0
   Compiling slab v0.4.12
   Compiling native-tls v0.2.18
   Compiling futures-task v0.3.33
   Compiling fdeflate v0.3.7
   Compiling hybrid-array v0.4.14
   Compiling bytemuck_derive v1.12.0
   Compiling thiserror-impl v2.0.20
   Compiling displaydoc v0.2.7
   Compiling futures-util v0.3.33
   Compiling windows-sys v0.52.0
   Compiling wgpu-core v29.0.4
   Compiling getrandom v0.2.17
   Compiling tower-service v0.3.3
   Compiling either v1.17.0
   Compiling nohash-hasher v0.2.0
   Compiling pxfm v0.1.30
   Compiling synstructure v0.13.2
   Compiling const-oid v0.9.6
   Compiling epaint_default_fonts v0.35.0
   Compiling base64 v0.22.1
   Compiling rand_core v0.10.1
   Compiling smol_str v0.2.2
   Compiling cursor-icon v1.2.0
   Compiling semver v1.0.28
   Compiling dpi v0.1.2
   Compiling self_cell v1.3.0
   Compiling litrs v1.0.0
   Compiling try-lock v0.2.5
   Compiling bytemuck v1.25.2
   Compiling rustc_version v0.4.1
   Compiling itertools v0.14.0
   Compiling want v0.3.1
   Compiling png v0.18.1
   Compiling color v0.3.3
   Compiling font-types v0.11.3
   Compiling wgpu-types v29.0.4
   Compiling emath v0.35.0
   Compiling document-features v0.2.12
   Compiling peniko v0.6.1
   Compiling read-fonts v0.39.2
   Compiling ecolor v0.35.0
   Compiling windows-targets v0.53.5
   Compiling accesskit_consumer v0.35.0
   Compiling lzma-sys v0.1.20
   Compiling bzip2-sys v0.1.13+1.0.8
   Compiling vello_common v0.0.9
   Compiling futures-channel v0.3.33
   Compiling wgpu v29.0.4
   Compiling winapi v0.3.9
   Compiling zerofrom-derive v0.1.7
   Compiling yoke-derive v0.8.2
   Compiling zerocopy-derive v0.8.56
   Compiling zerovec-derive v0.11.3
   Compiling windows-implement v0.60.2
   Compiling windows-interface v0.59.3
   Compiling zeroize_derive v1.5.0
   Compiling mio v1.2.2
   Compiling socket2 v0.6.5
   Compiling windows-core v0.62.2
   Compiling vello_cpu v0.0.9
   Compiling schannel v0.1.29
   Compiling zeroize v1.9.0
   Compiling zerofrom v0.1.8
   Compiling der v0.7.10
   Compiling yoke v0.8.3
   Compiling windows-future v0.3.2
   Compiling windows-numerics v0.3.1
   Compiling zerovec v0.11.6
   Compiling zerotrie v0.2.4
   Compiling windows-collections v0.3.2
   Compiling tokio v1.53.1
   Compiling moxcms v0.8.1
   Compiling time-core v0.1.9
   Compiling zmij v1.0.23
   Compiling tinystr v0.8.3
   Compiling potential_utf v0.1.5
   Compiling windows v0.62.2
   Compiling cpufeatures v0.3.0
   Compiling atomic-waker v1.1.2
   Compiling deranged v0.5.8
   Compiling zstd-safe v7.2.4
   Compiling num-conv v0.2.2
   Compiling icu_locale_core v2.2.0
   Compiling icu_collections v2.2.0
   Compiling byteorder-lite v0.1.0
   Compiling error-code v3.3.2
   Compiling serde v1.0.229
   Compiling powerfmt v0.2.0
   Compiling clipboard-win v5.4.1
   Compiling spki v0.7.3
   Compiling windows-implement v0.57.0
   Compiling windows-interface v0.57.0
   Compiling windows-sys v0.60.2
   Compiling icu_provider v2.2.0
   Compiling time v0.3.55
   Compiling icu_properties v2.2.0
   Compiling icu_normalizer v2.2.0
   Compiling curve25519-dalek v4.1.3
   Compiling crypto-common v0.2.2
   Compiling block-buffer v0.12.1
   Compiling serde_derive v1.0.229
   Compiling ring v0.17.14
   Compiling inout v0.1.4
   Compiling sync_wrapper v1.0.2
   Compiling idna_adapter v1.2.2
   Compiling harfrust v0.7.0
   Compiling skrifa v0.42.1
   Compiling idna v1.1.0
   Compiling half v2.7.1
   Compiling url v2.5.8
   Compiling image v0.25.10
   Compiling hyper v1.11.0
   Compiling windows-result v0.1.2
   Compiling rustc-hash v2.1.3
   Compiling serde_json v1.0.151
   Compiling tower-layer v0.3.3
   Compiling web-time v1.1.0
   Compiling crc-catalog v2.5.0
   Compiling ipnet v2.12.1
   Compiling getrandom v0.3.4
   Compiling ntapi v0.4.3
   Compiling const-oid v0.10.2
   Compiling hyper-util v0.1.20
   Compiling digest v0.11.3
   Compiling crc v3.4.0
   Compiling tower v0.5.3
   Compiling windows-core v0.57.0
   Compiling epaint v0.35.0
   Compiling type-map v0.5.1
   Compiling arboard v3.6.1
   Compiling webbrowser v1.2.4
   Compiling ppv-lite86 v0.2.21
   Compiling tokio-native-tls v0.3.1
   Compiling cipher v0.4.4
   Compiling pkcs8 v0.10.2
   Compiling egui v0.35.0
   Compiling chacha20 v0.10.1
   Compiling rustls-pki-types v1.15.1
   Compiling curve25519-dalek-derive v0.1.1
   Compiling rand_core v0.6.4
   Compiling http-body-util v0.1.4
   Compiling hmac v0.12.1
   Compiling aho-corasick v1.1.5
   Compiling windows-sys v0.59.0
   Compiling signature v2.2.0
   Compiling regex-syntax v0.8.11
   Compiling bumpalo v3.20.3
   Compiling zip v2.4.2
   Compiling ryu v1.0.23
   Compiling rfd v0.15.4
   Compiling untrusted v0.9.0
   Compiling byteorder v1.5.0
   Compiling anyhow v1.0.104
   Compiling lzma-rs v0.3.0
   Compiling regex-automata v0.4.18
   Compiling serde_urlencoded v0.7.1
   Compiling zopfli v0.8.3
   Compiling ed25519 v2.2.3
   Compiling hyper-tls v0.6.0
   Compiling pbkdf2 v0.12.2
   Compiling rand_chacha v0.3.1
   Compiling rand v0.10.2
   Compiling aes v0.8.4
   Compiling zstd v0.13.3
   Compiling windows v0.57.0
   Compiling bzip2 v0.5.2
   Compiling tower-http v0.6.11
   Compiling sha1 v0.11.0
   Compiling yasna v0.6.0
   Compiling pem v3.0.6
   Compiling sha2 v0.10.9
   Compiling sha1 v0.10.7
   Compiling pollster v0.4.0
   Compiling data-encoding v2.11.1
   Compiling constant_time_eq v0.3.1
   Compiling deflate64 v0.1.12
   Compiling fastrand v2.5.0
   Compiling ed25519-dalek v2.2.0
   Compiling rcgen v0.14.8
   Compiling reqwest v0.12.28
   Compiling tempfile v3.27.0
   Compiling tungstenite v0.30.0
   Compiling winreg v0.55.0
   Compiling regex v1.13.1
   Compiling rand v0.8.7
   Compiling wgpu-naga-bridge v29.0.4
   Compiling if-addrs v0.15.0
   Compiling chrono v0.4.45
   Compiling xz2 v0.1.7
   Compiling gpu-allocator v0.28.0
   Compiling accesskit_windows v0.32.1
   Compiling accesskit_winit v0.32.2
   Compiling egui-winit v0.35.0
   Compiling sysinfo v0.34.2
   Compiling wgpu-core-deps-windows-linux-android v29.0.4
   Compiling egui-wgpu v0.35.0
   Compiling eframe v0.35.0
   Compiling rebound_toolbox v0.9.12 (C:\wksp\ProjectReboundToolbox)
    Finished `dev` profile [unoptimized + debuginfo] target(s) in 3m 23s
